Component: ARM Compiler 5.06 update 6 (build 750) Tool: armlink [4d35ed]

==============================================================================

Section Cross References

    startup_stm32f407xx.o(RESET) refers to startup_stm32f407xx.o(STACK) for __initial_sp
    startup_stm32f407xx.o(RESET) refers to startup_stm32f407xx.o(.text) for Reset_Handler
    startup_stm32f407xx.o(RESET) refers to stm32f4xx_it.o(i.NMI_Handler) for NMI_Handler
    startup_stm32f407xx.o(RESET) refers to stm32f4xx_it.o(i.HardFault_Handler) for HardFault_Handler
    startup_stm32f407xx.o(RESET) refers to stm32f4xx_it.o(i.MemManage_Handler) for MemManage_Handler
    startup_stm32f407xx.o(RESET) refers to stm32f4xx_it.o(i.BusFault_Handler) for BusFault_Handler
    startup_stm32f407xx.o(RESET) refers to stm32f4xx_it.o(i.UsageFault_Handler) for UsageFault_Handler
    startup_stm32f407xx.o(RESET) refers to stm32f4xx_it.o(i.SVC_Handler) for SVC_Handler
    startup_stm32f407xx.o(RESET) refers to stm32f4xx_it.o(i.DebugMon_Handler) for DebugMon_Handler
    startup_stm32f407xx.o(RESET) refers to stm32f4xx_it.o(i.PendSV_Handler) for PendSV_Handler
    startup_stm32f407xx.o(RESET) refers to stm32f4xx_it.o(i.SysTick_Handler) for SysTick_Handler
    startup_stm32f407xx.o(.text) refers to system_stm32f4xx.o(i.SystemInit) for SystemInit
    startup_stm32f407xx.o(.text) refers to entry.o(.ARM.Collect$$$$00000000) for __main
    delay.o(i.delay_us) refers to stm32f4xx_hal.o(i.HAL_GetTick) for HAL_GetTick
    24cxx.o(i.AT24CXX_Check) refers to 24cxx.o(i.AT24CXX_ReadOneByte) for AT24CXX_ReadOneByte
    24cxx.o(i.AT24CXX_Check) refers to 24cxx.o(i.AT24CXX_WriteOneByte) for AT24CXX_WriteOneByte
    24cxx.o(i.AT24CXX_Init) refers to myiic.o(i.IIC_Init) for IIC_Init
    24cxx.o(i.AT24CXX_Read) refers to 24cxx.o(i.AT24CXX_ReadOneByte) for AT24CXX_ReadOneByte
    24cxx.o(i.AT24CXX_ReadLenByte) refers to 24cxx.o(i.AT24CXX_ReadOneByte) for AT24CXX_ReadOneByte
    24cxx.o(i.AT24CXX_ReadOneByte) refers to myiic.o(i.IIC_Start) for IIC_Start
    24cxx.o(i.AT24CXX_ReadOneByte) refers to myiic.o(i.IIC_Send_Byte) for IIC_Send_Byte
    24cxx.o(i.AT24CXX_ReadOneByte) refers to myiic.o(i.IIC_Wait_Ack) for IIC_Wait_Ack
    24cxx.o(i.AT24CXX_ReadOneByte) refers to myiic.o(i.IIC_Read_Byte) for IIC_Read_Byte
    24cxx.o(i.AT24CXX_ReadOneByte) refers to myiic.o(i.IIC_Stop) for IIC_Stop
    24cxx.o(i.AT24CXX_Write) refers to 24cxx.o(i.AT24CXX_WriteOneByte) for AT24CXX_WriteOneByte
    24cxx.o(i.AT24CXX_WriteLenByte) refers to 24cxx.o(i.AT24CXX_WriteOneByte) for AT24CXX_WriteOneByte
    24cxx.o(i.AT24CXX_WriteOneByte) refers to myiic.o(i.IIC_Start) for IIC_Start
    24cxx.o(i.AT24CXX_WriteOneByte) refers to myiic.o(i.IIC_Send_Byte) for IIC_Send_Byte
    24cxx.o(i.AT24CXX_WriteOneByte) refers to myiic.o(i.IIC_Wait_Ack) for IIC_Wait_Ack
    24cxx.o(i.AT24CXX_WriteOneByte) refers to myiic.o(i.IIC_Stop) for IIC_Stop
    24cxx.o(i.AT24CXX_WriteOneByte) refers to stm32f4xx_hal.o(i.HAL_Delay) for HAL_Delay
    rec.o(i.READ_BUF_to_cnn_input_buf_convert) refers to rec.o(i.my_max) for my_max
    myiic.o(i.IIC_Ack) refers to delay.o(i.delay_us) for delay_us
    myiic.o(i.IIC_NAck) refers to delay.o(i.delay_us) for delay_us
    myiic.o(i.IIC_Read_Byte) refers to delay.o(i.delay_us) for delay_us
    myiic.o(i.IIC_Read_Byte) refers to myiic.o(i.IIC_Ack) for IIC_Ack
    myiic.o(i.IIC_Read_Byte) refers to myiic.o(i.IIC_NAck) for IIC_NAck
    myiic.o(i.IIC_Send_Byte) refers to delay.o(i.delay_us) for delay_us
    myiic.o(i.IIC_Start) refers to delay.o(i.delay_us) for delay_us
    myiic.o(i.IIC_Stop) refers to delay.o(i.delay_us) for delay_us
    myiic.o(i.IIC_Wait_Ack) refers to delay.o(i.delay_us) for delay_us
    myiic.o(i.IIC_Wait_Ack) refers to myiic.o(i.IIC_Stop) for IIC_Stop
    lcd.o(i.LCD_Clear) refers to lcd.o(i.LCD_SetCursor) for LCD_SetCursor
    lcd.o(i.LCD_Clear) refers to lcd.o(i.LCD_WriteRAM_Prepare) for LCD_WriteRAM_Prepare
    lcd.o(i.LCD_Clear) refers to lcd.o(.bss) for .bss
    lcd.o(i.LCD_Color_Fill) refers to lcd.o(i.LCD_SetCursor) for LCD_SetCursor
    lcd.o(i.LCD_Color_Fill) refers to lcd.o(i.LCD_WriteRAM_Prepare) for LCD_WriteRAM_Prepare
    lcd.o(i.LCD_DisplayOff) refers to lcd.o(i.LCD_WriteReg) for LCD_WriteReg
    lcd.o(i.LCD_DisplayOff) refers to lcd.o(i.LCD_WR_REG) for LCD_WR_REG
    lcd.o(i.LCD_DisplayOff) refers to lcd.o(.bss) for .bss
    lcd.o(i.LCD_DisplayOn) refers to lcd.o(i.LCD_WriteReg) for LCD_WriteReg
    lcd.o(i.LCD_DisplayOn) refers to lcd.o(i.LCD_WR_REG) for LCD_WR_REG
    lcd.o(i.LCD_DisplayOn) refers to lcd.o(.bss) for .bss
    lcd.o(i.LCD_Display_Dir) refers to lcd.o(i.LCD_Scan_Dir) for LCD_Scan_Dir
    lcd.o(i.LCD_Display_Dir) refers to lcd.o(.bss) for .bss
    lcd.o(i.LCD_DrawLine) refers to lcd.o(i.LCD_DrawPoint) for LCD_DrawPoint
    lcd.o(i.LCD_DrawPoint) refers to lcd.o(i.LCD_SetCursor) for LCD_SetCursor
    lcd.o(i.LCD_DrawPoint) refers to lcd.o(i.LCD_WriteRAM_Prepare) for LCD_WriteRAM_Prepare
[...]
    i.func_dummy                             0x080041ee   Section        0  layers_conv2d_generic_float.o(i.func_dummy)
    func_dummy                               0x080041ef   Thumb Code     2  layers_conv2d_generic_float.o(i.func_dummy)
    i.gui_draw_hline                         0x080041f0   Section        0  lcd.o(i.gui_draw_hline)
    i.gui_fill_circle                        0x08004206   Section        0  lcd.o(i.gui_fill_circle)
    i.lcd_adjust                             0x080042bc   Section        0  touch.o(i.lcd_adjust)
    i.lcd_draw_bline                         0x0800482c   Section        0  lcd.o(i.lcd_draw_bline)
    i.main                                   0x080048e4   Section        0  main.o(i.main)
    i.my_max                                 0x08004b98   Section        0  rec.o(i.my_max)
    i.network_configure_weights              0x08004ba0   Section        0  network.o(i.network_configure_weights)
    network_configure_weights                0x08004ba1   Thumb Code   116  network.o(i.network_configure_weights)
    i.nl_func_relu_array_f32                 0x08004c24   Section        0  layers_nl_generic_float.o(i.nl_func_relu_array_f32)
    i.nl_func_relu_generic_array_f32         0x08004c64   Section        0  layers_nl_generic_float.o(i.nl_func_relu_generic_array_f32)
    i.nl_func_relu_thresholded_array_f32     0x08004d24   Section        0  layers_nl_generic_float.o(i.nl_func_relu_thresholded_array_f32)
    i.nl_func_sm_array_f32                   0x08004d68   Section        0  layers_nl_generic_float.o(i.nl_func_sm_array_f32)
    i.nl_func_sm_channel_f32                 0x08004db4   Section        0  layers_nl_generic_float.o(i.nl_func_sm_channel_f32)
    i.pool_func_mp_array_f32                 0x08004e44   Section        0  layers_pool_generic_float.o(i.pool_func_mp_array_f32)
    i.touch_init                             0x08004ff0   Section        0  touch.o(i.touch_init)
    i.touch_scan                             0x08005024   Section        0  touch.o(i.touch_scan)
    .constdata                               0x080050d8   Section     6080  lcd.o(.constdata)
    .constdata                               0x08006898   Section        4  touch.o(.constdata)
    .constdata                               0x0800689c   Section        8  network.o(.constdata)
    conv2d_chain                             0x0800689c   Data           8  network.o(.constdata)
    .constdata                               0x080068a4   Section        8  network.o(.constdata)
    dense_chain                              0x080068a4   Data           8  network.o(.constdata)
    .constdata                               0x080068ac   Section        8  network.o(.constdata)
    dense_nl_chain                           0x080068ac   Data           8  network.o(.constdata)
    .constdata                               0x080068b4   Section        8  network.o(.constdata)
    dense_1_chain                            0x080068b4   Data           8  network.o(.constdata)
    .constdata                               0x080068bc   Section        8  network.o(.constdata)
    dense_1_nl_chain                         0x080068bc   Data           8  network.o(.constdata)
    .constdata                               0x080068c4   Section    276184  network_data.o(.constdata)
    s_network_weights                        0x080068c4   Data       276184  network_data.o(.constdata)
    .constdata                               0x08049f9c   Section       48  app_x-cube-ai.o(.constdata)
    .constdata                               0x08049fcc   Section       16  system_stm32f4xx.o(.constdata)
    .constdata                               0x08049fdc   Section       32  ai_platform_interface.o(.constdata)
    .constdata                               0x08049ffc   Section       48  expf.o(.constdata)
    twotokover4top                           0x08049ffc   Data          16  expf.o(.constdata)
    twotokover4bot                           0x0804a00c   Data          16  expf.o(.constdata)
    twotokover4all                           0x0804a01c   Data          16  expf.o(.constdata)
    .conststring                             0x0804a02c   Section      121  touch.o(.conststring)
    .data                                    0x20000000   Section        4  lcd.o(.data)
    .data                                    0x20000004   Section        2  touch.o(.data)
    .data                                    0x20000008   Section       16  network.o(.data)
    <Data1>                                  0x20000008   Data          16  network.o(.data)
    .data                                    0x20000018   Section       16  network.o(.data)
    <Data2>                                  0x20000018   Data          16  network.o(.data)
    .data                                    0x20000028   Section       16  network.o(.data)
    <Data3>                                  0x20000028   Data          16  network.o(.data)
    .data                                    0x20000038   Section       16  network.o(.data)
    <Data4>                                  0x20000038   Data          16  network.o(.data)
    .data                                    0x20000048   Section       16  network.o(.data)
    <Data5>                                  0x20000048   Data          16  network.o(.data)
    .data                                    0x20000058   Section       16  network.o(.data)
    <Data6>                                  0x20000058   Data          16  network.o(.data)
    .data                                    0x20000068   Section       16  network.o(.data)
    <Data7>                                  0x20000068   Data          16  network.o(.data)
    .data                                    0x20000078   Section       16  network.o(.data)
    <Data8>                                  0x20000078   Data          16  network.o(.data)
    .data                                    0x20000088   Section       16  network.o(.data)
    <Data9>                                  0x20000088   Data          16  network.o(.data)
    .data                                    0x20000098   Section       16  network.o(.data)
    <Data10>                                 0x20000098   Data          16  network.o(.data)
    .data                                    0x200000a8   Section       16  network.o(.data)
    <Data11>                                 0x200000a8   Data          16  network.o(.data)
    .data                                    0x200000b8   Section       16  network.o(.data)
    <Data12>                                 0x200000b8   Data          16  network.o(.data)
    .data                                    0x200000c8   Section       16  network.o(.data)
    <Data13>                                 0x200000c8   Data          16  network.o(.data)
    .data                                    0x200000d8   Section       16  network.o(.data)
    <Data14>                                 0x200000d8   Data          16  network.o(.data)
    .data                                    0x200000e8   Section       16  network.o(.data)
    <Data15>                                 0x200000e8   Data          16  network.o(.data)
    .data                                    0x200000f8   Section       16  network.o(.data)
    <Data16>                                 0x200000f8   Data          16  network.o(.data)
    .data                                    0x20000108   Section       16  network.o(.data)
    <Data17>                                 0x20000108   Data          16  network.o(.data)
    .data                                    0x20000118   Section       16  network.o(.data)
    <Data18>                                 0x20000118   Data          16  network.o(.data)
    .data                                    0x20000128   Section       16  network.o(.data)
    <Data19>                                 0x20000128   Data          16  network.o(.data)
    .data                                    0x20000138   Section       16  network.o(.data)
    <Data20>                                 0x20000138   Data          16  network.o(.data)
    .data                                    0x20000148   Section       16  network.o(.data)
    <Data21>                                 0x20000148   Data          16  network.o(.data)
    .data                                    0x20000158   Section       16  network.o(.data)
    <Data22>                                 0x20000158   Data          16  network.o(.data)
    .data                                    0x20000168   Section       16  network.o(.data)
    <Data23>                                 0x20000168   Data          16  network.o(.data)
    .data                                    0x20000178   Section       16  network.o(.data)
    <Data24>                                 0x20000178   Data          16  network.o(.data)
    .data                                    0x20000188   Section       16  network.o(.data)
    <Data25>                                 0x20000188   Data          16  network.o(.data)
    .data                                    0x20000198   Section       16  network.o(.data)
    <Data26>                                 0x20000198   Data          16  network.o(.data)
    .data                                    0x200001a8   Section       16  network.o(.data)
    <Data27>                                 0x200001a8   Data          16  network.o(.data)
    .data                                    0x200001b8   Section       16  network.o(.data)
    <Data28>                                 0x200001b8   Data          16  network.o(.data)
    .data                                    0x200001c8   Section        4  network.o(.data)
    <Data29>                                 0x200001c8   Data           4  network.o(.data)
    .data                                    0x200001cc   Section        4  network.o(.data)
    <Data30>                                 0x200001cc   Data           4  network.o(.data)
    .data                                    0x200001d0   Section       12  network.o(.data)
    <Data31>                                 0x200001d0   Data          12  network.o(.data)
    .data                                    0x200001dc   Section        4  network.o(.data)
    <Data32>                                 0x200001dc   Data           4  network.o(.data)
    .data                                    0x200001e0   Section       48  network.o(.data)
    <Data33>                                 0x200001e0   Data          48  network.o(.data)
    .data                                    0x20000210   Section        4  network.o(.data)
    <Data36>                                 0x20000210   Data           4  network.o(.data)
    .data                                    0x20000214   Section        4  network.o(.data)
    <Data37>                                 0x20000214   Data           4  network.o(.data)
    .data                                    0x20000218   Section        8  network.o(.data)
    <Data38>                                 0x20000218   Data           8  network.o(.data)
    .data                                    0x20000220   Section        4  network.o(.data)
    <Data39>                                 0x20000220   Data           4  network.o(.data)
    .data                                    0x20000224   Section       48  network.o(.data)
    <Data40>                                 0x20000224   Data          48  network.o(.data)
    .data                                    0x20000254   Section        4  network.o(.data)
    <Data41>                                 0x20000254   Data           4  network.o(.data)
    .data                                    0x20000258   Section        4  network.o(.data)
    <Data42>                                 0x20000258   Data           4  network.o(.data)
    .data                                    0x2000025c   Section        4  network.o(.data)
    <Data43>                                 0x2000025c   Data           4  network.o(.data)
    .data                                    0x20000260   Section        4  network.o(.data)
    <Data44>                                 0x20000260   Data           4  network.o(.data)
    .data                                    0x20000264   Section       48  network.o(.data)
    <Data45>                                 0x20000264   Data          48  network.o(.data)
    .data                                    0x20000294   Section        4  network.o(.data)
    <Data46>                                 0x20000294   Data           4  network.o(.data)
    .data                                    0x20000298   Section        4  network.o(.data)
    <Data47>                                 0x20000298   Data           4  network.o(.data)
    .data                                    0x2000029c   Section        8  network.o(.data)
    <Data48>                                 0x2000029c   Data           8  network.o(.data)
    .data                                    0x200002a4   Section        4  network.o(.data)
    <Data49>                                 0x200002a4   Data           4  network.o(.data)
    .data                                    0x200002a8   Section       48  network.o(.data)
    <Data50>                                 0x200002a8   Data          48  network.o(.data)
    .data                                    0x200002d8   Section        4  network.o(.data)
    <Data51>                                 0x200002d8   Data           4  network.o(.data)
    .data                                    0x200002dc   Section        4  network.o(.data)
    <Data52>                                 0x200002dc   Data           4  network.o(.data)
    .data                                    0x200002e0   Section        4  network.o(.data)
    <Data53>                                 0x200002e0   Data           4  network.o(.data)
    .data                                    0x200002e4   Section        4  network.o(.data)
    <Data54>                                 0x200002e4   Data           4  network.o(.data)
    .data                                    0x200002e8   Section       48  network.o(.data)
    <Data55>                                 0x200002e8   Data          48  network.o(.data)
    .data                                    0x20000318   Section        4  network.o(.data)
    <Data56>                                 0x20000318   Data           4  network.o(.data)
    .data                                    0x2000031c   Section        8  network.o(.data)
    <Data59>                                 0x2000031c   Data           8  network.o(.data)
    .data                                    0x20000324   Section       12  network.o(.data)
    <Data60>                                 0x20000324   Data          12  network.o(.data)
    .data                                    0x20000330   Section        4  network.o(.data)
    <Data61>                                 0x20000330   Data           4  network.o(.data)
    .data                                    0x20000334   Section        8  network.o(.data)
    <Data64>                                 0x20000334   Data           8  network.o(.data)
    .data                                    0x2000033c   Section       12  network.o(.data)
    <Data65>                                 0x2000033c   Data          12  network.o(.data)
    .data                                    0x20000348   Section       24  network.o(.data)
    <Data66>                                 0x20000348   Data          24  network.o(.data)
    .data                                    0x20000360   Section      296  network.o(.data)
    conv2d_scratch0_array                    0x20000360   Data          16  network.o(.data)
    dense_1_bias_array                       0x20000370   Data          16  network.o(.data)
    dense_1_weights_array                    0x20000380   Data          16  network.o(.data)
    dense_bias_array                         0x20000390   Data          16  network.o(.data)
    dense_weights_array                      0x200003a0   Data          16  network.o(.data)
    conv2d_bias_array                        0x200003b0   Data          16  network.o(.data)
    conv2d_weights_array                     0x200003c0   Data          16  network.o(.data)
    input_0_output_array                     0x200003d0   Data          16  network.o(.data)
    conv2d_output_array                      0x200003e0   Data          16  network.o(.data)
    dense_output_array                       0x200003f0   Data          16  network.o(.data)
    dense_nl_output_array                    0x20000400   Data          16  network.o(.data)
    dense_1_output_array                     0x20000410   Data          16  network.o(.data)
    dense_1_nl_output_array                  0x20000420   Data          16  network.o(.data)
    g_network                                0x20000430   Data          88  network.o(.data)
    .data                                    0x20000488   Section       28  network.o(.data)
    conv2d_scratch0                          0x20000488   Data          28  network.o(.data)
    .data                                    0x200004a4   Section       28  network.o(.data)
    dense_1_bias                             0x200004a4   Data          28  network.o(.data)
    .data                                    0x200004c0   Section       28  network.o(.data)
    dense_1_weights                          0x200004c0   Data          28  network.o(.data)
    .data                                    0x200004dc   Section       28  network.o(.data)
    dense_bias                               0x200004dc   Data          28  network.o(.data)
    .data                                    0x200004f8   Section       28  network.o(.data)
    dense_weights                            0x200004f8   Data          28  network.o(.data)
    .data                                    0x20000514   Section       28  network.o(.data)
    conv2d_bias                              0x20000514   Data          28  network.o(.data)
    .data                                    0x20000530   Section       28  network.o(.data)
    conv2d_weights                           0x20000530   Data          28  network.o(.data)
    .data                                    0x2000054c   Section       28  network.o(.data)
    input_0_output                           0x2000054c   Data          28  network.o(.data)
    .data                                    0x20000568   Section       28  network.o(.data)
    conv2d_output                            0x20000568   Data          28  network.o(.data)
    .data                                    0x20000584   Section       28  network.o(.data)
    conv2d_output0                           0x20000584   Data          28  network.o(.data)
    .data                                    0x200005a0   Section       28  network.o(.data)
    dense_output                             0x200005a0   Data          28  network.o(.data)
    .data                                    0x200005bc   Section       28  network.o(.data)
    dense_nl_output                          0x200005bc   Data          28  network.o(.data)
    .data                                    0x200005d8   Section       28  network.o(.data)
    dense_1_output                           0x200005d8   Data          28  network.o(.data)
    .data                                    0x200005f4   Section       28  network.o(.data)
    dense_1_nl_output                        0x200005f4   Data          28  network.o(.data)
    .data                                    0x20000610   Section       88  network.o(.data)
    conv2d_layer                             0x20000610   Data          88  network.o(.data)
    .data                                    0x20000668   Section       24  network.o(.data)
    dense_layer                              0x20000668   Data          24  network.o(.data)
    .data                                    0x20000680   Section       28  network.o(.data)
    dense_nl_layer                           0x20000680   Data          28  network.o(.data)
    .data                                    0x2000069c   Section       24  network.o(.data)
    dense_1_layer                            0x2000069c   Data          24  network.o(.data)
    .data                                    0x200006b4   Section       28  network.o(.data)
    dense_1_nl_layer                         0x200006b4   Data          28  network.o(.data)
    .data                                    0x200006d0   Section        8  main.o(.data)
    .data                                    0x200006d8   Section       52  app_x-cube-ai.o(.data)
    network                                  0x200006d8   Data           4  app_x-cube-ai.o(.data)
    ai_input                                 0x200006dc   Data          24  app_x-cube-ai.o(.data)
    ai_output                                0x200006f4   Data          24  app_x-cube-ai.o(.data)
    .data                                    0x2000070c   Section        8  stm32f4xx_hal_msp.o(.data)
    FSMC_Initialized                         0x2000070c   Data           4  stm32f4xx_hal_msp.o(.data)
    FSMC_DeInitialized                       0x20000710   Data           4  stm32f4xx_hal_msp.o(.data)
    .data                                    0x20000714   Section       12  stm32f4xx_hal.o(.data)
    .data                                    0x20000720   Section        4  system_stm32f4xx.o(.data)
    .data                                    0x20000724   Section        4  errno.o(.data)
    _errno                                   0x20000724   Data           4  errno.o(.data)
    .bss                                     0x20000728   Section       14  lcd.o(.bss)
    .bss                                     0x20000738   Section       40  touch.o(.bss)
    .bss                                     0x20000760   Section       16  network.o(.bss)
    <Data34>                                 0x20000760   Data          16  network.o(.bss)
    .bss                                     0x20000770   Section       16  network.o(.bss)
    <Data35>                                 0x20000770   Data          16  network.o(.bss)
    .bss                                     0x20000780   Section       24  network.o(.bss)
    <Data57>                                 0x20000780   Data          24  network.o(.bss)
    .bss                                     0x20000798   Section       16  network.o(.bss)
    <Data58>                                 0x20000798   Data          16  network.o(.bss)
    .bss                                     0x200007a8   Section       24  network.o(.bss)
    <Data62>                                 0x200007a8   Data          24  network.o(.bss)
    .bss                                     0x200007c0   Section       16  network.o(.bss)
    <Data63>                                 0x200007c0   Data          16  network.o(.bss)
    .bss                                     0x200007d0   Section     3256  main.o(.bss)
    in_data                                  0x200007d0   Data        3136  main.o(.bss)
    out_data                                 0x20001410   Data          40  main.o(.bss)
    .bss                                     0x20001488   Section    31464  app_x-cube-ai.o(.bss)
    activations                              0x20001488   Data       28288  app_x-cube-ai.o(.bss)
    in_data                                  0x20008308   Data        3136  app_x-cube-ai.o(.bss)
    out_data                                 0x20008f48   Data          40  app_x-cube-ai.o(.bss)
    STACK                                    0x20008f70   Section     2048  startup_stm32f407xx.o(STACK)

    Global Symbols

    Symbol Name                              Value     Ov Type        Size  Object(Section)

    BuildAttributes$$THM_ISAv4$E$P$D$K$B$S$7EM$VFPi3$EXTD16$VFPS$VFMA$PE$A:L22UL41UL21$X:L11$S22US41US21$IEEE1$IW$USESV6$~STKCKD$USESV7$~SHL$OTIME$ROPI$IEEEX$EBA8$MICROLIB$REQ8$PRES8$EABIv2 0x00000000   Number         0  anon$$obj.o ABSOLUTE
    __ARM_use_no_argv                        0x00000000   Number         0  main.o ABSOLUTE
    __cpp_initialize__aeabi_                  - Undefined Weak Reference
    __cxa_finalize                            - Undefined Weak Reference
    _clock_init                               - Undefined Weak Reference
    _microlib_exit                            - Undefined Weak Reference
    __Vectors_Size                           0x00000188   Number         0  startup_stm32f407xx.o ABSOLUTE
    __Vectors                                0x08000000   Data           4  startup_stm32f407xx.o(RESET)
    __Vectors_End                            0x08000188   Data           0  startup_stm32f407xx.o(RESET)
    __main                                   0x08000189   Thumb Code     0  entry.o(.ARM.Collect$$$$00000000)
    _main_stk                                0x08000189   Thumb Code     0  entry2.o(.ARM.Collect$$$$00000001)
    _main_scatterload                        0x0800018d   Thumb Code     0  entry5.o(.ARM.Collect$$$$00000004)
    __main_after_scatterload                 0x08000191   Thumb Code     0  entry5.o(.ARM.Collect$$$$00000004)
    _main_clock                              0x08000191   Thumb Code     0  entry7b.o(.ARM.Collect$$$$00000008)
    _main_cpp_init                           0x08000191   Thumb Code     0  entry8b.o(.ARM.Collect$$$$0000000A)
    _main_init                               0x08000191   Thumb Code     0  entry9a.o(.ARM.Collect$$$$0000000B)
    __rt_final_cpp                           0x08000199   Thumb Code     0  entry10a.o(.ARM.Collect$$$$0000000D)
    __rt_final_exit                          0x08000199   Thumb Code     0  entry11a.o(.ARM.Collect$$$$0000000F)
    Reset_Handler                            0x0800019d   Thumb Code     8  startup_stm32f407xx.o(.text)
    ADC_IRQHandler                           0x080001b7   Thumb Code     0  startup_stm32f407xx.o(.text)
    CAN1_RX0_IRQHandler                      0x080001b7   Thumb Code     0  startup_stm32f407xx.o(.text)
    CAN1_RX1_IRQHandler                      0x080001b7   Thumb Code     0  startup_stm32f407xx.o(.text)
    CAN1_SCE_IRQHandler                      0x080001b7   Thumb Code     0  startup_stm32f407xx.o(.text)
    CAN1_TX_IRQHandler                       0x080001b7   Thumb Code     0  startup_stm32f407xx.o(.text)
    CAN2_RX0_IRQHandler                      0x080001b7   Thumb Code     0  startup_stm32f407xx.o(.text)
    CAN2_RX1_IRQHandler                      0x080001b7   Thumb Code     0  startup_stm32f407xx.o(.text)
    CAN2_SCE_IRQHandler                      0x080001b7   Thumb Code     0  startup_stm32f407xx.o(.text)
    CAN2_TX_IRQHandler                       0x080001b7   Thumb Code     0  startup_stm32f407xx.o(.text)
    DCMI_IRQHandler                          0x080001b7   Thumb Code     0  startup_stm32f407xx.o(.text)
    DMA1_Stream0_IRQHandler                  0x080001b7   Thumb Code     0  startup_stm32f407xx.o(.text)
    DMA1_Stream1_IRQHandler                  0x080001b7   Thumb Code     0  startup_stm32f407xx.o(.text)
    DMA1_Stream2_IRQHandler                  0x080001b7   Thumb Code     0  startup_stm32f407xx.o(.text)
    DMA1_Stream3_IRQHandler                  0x080001b7   Thumb Code     0  startup_stm32f407xx.o(.text)
    DMA1_Stream4_IRQHandler                  0x080001b7   Thumb Code     0  startup_stm32f407xx.o(.text)
    DMA1_Stream5_IRQHandler                  0x080001b7   Thumb Code     0  startup_stm32f407xx.o(.text)
    DMA1_Stream6_IRQHandler                  0x080001b7   Thumb Code     0  startup_stm32f407xx.o(.text)
    DMA1_Stream7_IRQHandler                  0x080001b7   Thumb Code     0  startup_stm32f407xx.o(.text)
    DMA2_Stream0_IRQHandler                  0x080001b7   Thumb Code     0  startup_stm32f407xx.o(.text)
    DMA2_Stream1_IRQHandler                  0x080001b7   Thumb Code     0  startup_stm32f407xx.o(.text)
    DMA2_Stream2_IRQHandler                  0x080001b7   Thumb Code     0  startup_stm32f407xx.o(.text)
    DMA2_Stream3_IRQHandler                  0x080001b7   Thumb Code     0  startup_stm32f407xx.o(.text)
    DMA2_Stream4_IRQHandler                  0x080001b7   Thumb Code     0  startup_stm32f407xx.o(.text)
    DMA2_Stream5_IRQHandler                  0x080001b7   Thumb Code     0  startup_stm32f407xx.o(.text)
    DMA2_Stream6_IRQHandler                  0x080001b7   Thumb Code     0  startup_stm32f407xx.o(.text)
    DMA2_Stream7_IRQHandler                  0x080001b7   Thumb Code     0  startup_stm32f407xx.o(.text)
    ETH_IRQHandler                           0x080001b7   Thumb Code     0  startup_stm32f407xx.o(.text)
    ETH_WKUP_IRQHandler                      0x080001b7   Thumb Code     0  startup_stm32f407xx.o(.text)
    EXTI0_IRQHandler                         0x080001b7   Thumb Code     0  startup_stm32f407xx.o(.text)
    EXTI15_10_IRQHandler                     0x080001b7   Thumb Code     0  startup_stm32f407xx.o(.text)
    EXTI1_IRQHandler                         0x080001b7   Thumb Code     0  startup_stm32f407xx.o(.text)
    EXTI2_IRQHandler                         0x080001b7   Thumb Code     0  startup_stm32f407xx.o(.text)
    EXTI3_IRQHandler                         0x080001b7   Thumb Code     0  startup_stm32f407xx.o(.text)
    EXTI4_IRQHandler                         0x080001b7   Thumb Code     0  startup_stm32f407xx.o(.text)
    EXTI9_5_IRQHandler                       0x080001b7   Thumb Code     0  startup_stm32f407xx.o(.text)
    FLASH_IRQHandler                         0x080001b7   Thumb Code     0  startup_stm32f407xx.o(.text)
    FMC_IRQHandler                           0x080001b7   Thumb Code     0  startup_stm32f407xx.o(.text)
    FPU_IRQHandler                           0x080001b7   Thumb Code     0  startup_stm32f407xx.o(.text)
    HASH_RNG_IRQHandler                      0x080001b7   Thumb Code     0  startup_stm32f407xx.o(.text)
    I2C1_ER_IRQHandler                       0x080001b7   Thumb Code     0  startup_stm32f407xx.o(.text)
    I2C1_EV_IRQHandler                       0x080001b7   Thumb Code     0  startup_stm32f407xx.o(.text)
    I2C2_ER_IRQHandler                       0x080001b7   Thumb Code     0  startup_stm32f407xx.o(.text)
    I2C2_EV_IRQHandler                       0x080001b7   Thumb Code     0  startup_stm32f407xx.o(.text)
    I2C3_ER_IRQHandler                       0x080001b7   Thumb Code     0  startup_stm32f407xx.o(.text)
    I2C3_EV_IRQHandler                       0x080001b7   Thumb Code     0  startup_stm32f407xx.o(.text)
    OTG_FS_IRQHandler                        0x080001b7   Thumb Code     0  startup_stm32f407xx.o(.text)
    OTG_FS_WKUP_IRQHandler                   0x080001b7   Thumb Code     0  startup_stm32f407xx.o(.text)
    OTG_HS_EP1_IN_IRQHandler                 0x080001b7   Thumb Code     0  startup_stm32f407xx.o(.text)
    OTG_HS_EP1_OUT_IRQHandler                0x080001b7   Thumb Code     0  startup_stm32f407xx.o(.text)
    OTG_HS_IRQHandler                        0x080001b7   Thumb Code     0  startup_stm32f407xx.o(.text)
    OTG_HS_WKUP_IRQHandler                   0x080001b7   Thumb Code     0  startup_stm32f407xx.o(.text)
    PVD_IRQHandler                           0x080001b7   Thumb Code     0  startup_stm32f407xx.o(.text)
    RCC_IRQHandler                           0x080001b7   Thumb Code     0  startup_stm32f407xx.o(.text)
    RTC_Alarm_IRQHandler                     0x080001b7   Thumb Code     0  startup_stm32f407xx.o(.text)
    RTC_WKUP_IRQHandler                      0x080001b7   Thumb Code     0  startup_stm32f407xx.o(.text)
    SDIO_IRQHandler                          0x080001b7   Thumb Code     0  startup_stm32f407xx.o(.text)
    SPI1_IRQHandler                          0x080001b7   Thumb Code     0  startup_stm32f407xx.o(.text)
    SPI2_IRQHandler                          0x080001b7   Thumb Code     0  startup_stm32f407xx.o(.text)
    SPI3_IRQHandler                          0x080001b7   Thumb Code     0  startup_stm32f407xx.o(.text)
    TAMP_STAMP_IRQHandler                    0x080001b7   Thumb Code     0  startup_stm32f407xx.o(.text)
    TIM1_BRK_TIM9_IRQHandler                 0x080001b7   Thumb Code     0  startup_stm32f407xx.o(.text)
    TIM1_CC_IRQHandler                       0x080001b7   Thumb Code     0  startup_stm32f407xx.o(.text)
    TIM1_TRG_COM_TIM11_IRQHandler            0x080001b7   Thumb Code     0  startup_stm32f407xx.o(.text)
    TIM1_UP_TIM10_IRQHandler                 0x080001b7   Thumb Code     0  startup_stm32f407xx.o(.text)
    TIM2_IRQHandler                          0x080001b7   Thumb Code     0  startup_stm32f407xx.o(.text)
    TIM3_IRQHandler                          0x080001b7   Thumb Code     0  startup_stm32f407xx.o(.text)
    TIM4_IRQHandler                          0x080001b7   Thumb Code     0  startup_stm32f407xx.o(.text)
    TIM5_IRQHandler                          0x080001b7   Thumb Code     0  startup_stm32f407xx.o(.text)
    TIM6_DAC_IRQHandler                      0x080001b7   Thumb Code     0  startup_stm32f407xx.o(.text)
    TIM7_IRQHandler                          0x080001b7   Thumb Code     0  startup_stm32f407xx.o(.text)
    TIM8_BRK_TIM12_IRQHandler                0x080001b7   Thumb Code     0  startup_stm32f407xx.o(.text)
    TIM8_CC_IRQHandler                       0x080001b7   Thumb Code     0  startup_stm32f407xx.o(.text)
    TIM8_TRG_COM_TIM14_IRQHandler            0x080001b7   Thumb Code     0  startup_stm32f407xx.o(.text)
    TIM8_UP_TIM13_IRQHandler                 0x080001b7   Thumb Code     0  startup_stm32f407xx.o(.text)
    UART4_IRQHandler                         0x080001b7   Thumb Code     0  startup_stm32f407xx.o(.text)
    UART5_IRQHandler                         0x080001b7   Thumb Code     0  startup_stm32f407xx.o(.text)
    USART1_IRQHandler                        0x080001b7   Thumb Code     0  startup_stm32f407xx.o(.text)
    USART2_IRQHandler                        0x080001b7   Thumb Code     0  startup_stm32f407xx.o(.text)
    USART3_IRQHandler                        0x080001b7   Thumb Code     0  startup_stm32f407xx.o(.text)
    USART6_IRQHandler                        0x080001b7   Thumb Code     0  startup_stm32f407xx.o(.text)
    WWDG_IRQHandler                          0x080001b7   Thumb Code     0  startup_stm32f407xx.o(.text)
    __aeabi_uldivmod                         0x080001c1   Thumb Code    98  uldiv.o(.text)
    __aeabi_memcpy                           0x08000223   Thumb Code    36  memcpya.o(.text)
    __aeabi_memcpy4                          0x08000223   Thumb Code     0  memcpya.o(.text)
    __aeabi_memcpy8                          0x08000223   Thumb Code     0  memcpya.o(.text)
    __aeabi_memset                           0x08000247   Thumb Code    14  memseta.o(.text)
    __aeabi_memset4                          0x08000247   Thumb Code     0  memseta.o(.text)
    __aeabi_memset8                          0x08000247   Thumb Code     0  memseta.o(.text)
    __aeabi_memclr                           0x08000255   Thumb Code     4  memseta.o(.text)
    __aeabi_memclr4                          0x08000255   Thumb Code     0  memseta.o(.text)
    __aeabi_memclr8                          0x08000255   Thumb Code     0  memseta.o(.text)
    _memset$wrapper                          0x08000259   Thumb Code    18  memseta.o(.text)
    memcmp                                   0x0800026b   Thumb Code    26  memcmp.o(.text)
    __aeabi_dmul                             0x08000285   Thumb Code   228  dmul.o(.text)
    __aeabi_ui2d                             0x08000369   Thumb Code    26  dfltui.o(.text)
    __aeabi_d2uiz                            0x08000383   Thumb Code    50  dfixui.o(.text)
    __aeabi_f2d                              0x080003b5   Thumb Code    38  f2d.o(.text)
    __aeabi_cdcmpeq                          0x080003dd   Thumb Code     0  cdcmple.o(.text)
    __aeabi_cdcmple                          0x080003dd   Thumb Code    48  cdcmple.o(.text)
    __aeabi_cdrcmple                         0x0800040d   Thumb Code    48  cdrcmple.o(.text)
    __aeabi_llsl                             0x0800043d   Thumb Code    30  llshl.o(.text)
    _ll_shift_l                              0x0800043d   Thumb Code     0  llshl.o(.text)
    __aeabi_llsr                             0x0800045b   Thumb Code    32  llushr.o(.text)
    _ll_ushift_r                             0x0800045b   Thumb Code     0  llushr.o(.text)
    __I$use$fp                               0x0800047b   Thumb Code     0  iusefp.o(.text)
    _double_round                            0x0800047b   Thumb Code    30  depilogue.o(.text)
    _double_epilogue                         0x08000499   Thumb Code   156  depilogue.o(.text)
    _dsqrt                                   0x08000535   Thumb Code   162  dsqrt.o(.text)
    __scatterload                            0x080005d9   Thumb Code    28  init.o(.text)
    __scatterload_rt2                        0x080005d9   Thumb Code     0  init.o(.text)
    __decompress                             0x080005fd   Thumb Code     0  __dczerorl2.o(.text)
    __decompress1                            0x080005fd   Thumb Code    86  __dczerorl2.o(.text)
    AT24CXX_Init                             0x08000653   Thumb Code     4  24cxx.o(i.AT24CXX_Init)
    AT24CXX_ReadLenByte                      0x08000657   Thumb Code    42  24cxx.o(i.AT24CXX_ReadLenByte)
    AT24CXX_ReadOneByte                      0x08000681   Thumb Code    66  24cxx.o(i.AT24CXX_ReadOneByte)
    AT24CXX_WriteLenByte                     0x080006c3   Thumb Code    42  24cxx.o(i.AT24CXX_WriteLenByte)
    AT24CXX_WriteOneByte                     0x080006ed   Thumb Code    62  24cxx.o(i.AT24CXX_WriteOneByte)
    BusFault_Handler                         0x0800072b   Thumb Code     2  stm32f4xx_it.o(i.BusFault_Handler)
    DebugMon_Handler                         0x08000765   Thumb Code     2  stm32f4xx_it.o(i.DebugMon_Handler)
    FSMC_NORSRAM_Extended_Timing_Init        0x08000769   Thumb Code    60  stm32f4xx_ll_fsmc.o(i.FSMC_NORSRAM_Extended_Timing_Init)
    FSMC_NORSRAM_Init                        0x080007a9   Thumb Code    80  stm32f4xx_ll_fsmc.o(i.FSMC_NORSRAM_Init)
    FSMC_NORSRAM_Timing_Init                 0x080007fd   Thumb Code    64  stm32f4xx_ll_fsmc.o(i.FSMC_NORSRAM_Timing_Init)
    HAL_CRC_Init                             0x08000841   Thumb Code    34  stm32f4xx_hal_crc.o(i.HAL_CRC_Init)
    HAL_CRC_MspInit                          0x08000865   Thumb Code    30  stm32f4xx_hal_msp.o(i.HAL_CRC_MspInit)
    HAL_Delay                                0x0800088d   Thumb Code    32  stm32f4xx_hal.o(i.HAL_Delay)
    HAL_GPIO_Init                            0x08000921   Thumb Code   394  stm32f4xx_hal_gpio.o(i.HAL_GPIO_Init)
    HAL_GPIO_WritePin                        0x08000ad9   Thumb Code    10  stm32f4xx_hal_gpio.o(i.HAL_GPIO_WritePin)
    HAL_GetTick                              0x08000ae5   Thumb Code     6  stm32f4xx_hal.o(i.HAL_GetTick)
    HAL_IncTick                              0x08000af1   Thumb Code    12  stm32f4xx_hal.o(i.HAL_IncTick)
    HAL_Init                                 0x08000b01   Thumb Code    48  stm32f4xx_hal.o(i.HAL_Init)
    HAL_InitTick                             0x08000b35   Thumb Code    54  stm32f4xx_hal.o(i.HAL_InitTick)
    HAL_MspInit                              0x08000b75   Thumb Code    42  stm32f4xx_hal_msp.o(i.HAL_MspInit)
    HAL_NVIC_SetPriority                     0x08000ba5   Thumb Code    60  stm32f4xx_hal_cortex.o(i.HAL_NVIC_SetPriority)
    HAL_NVIC_SetPriorityGrouping             0x08000be5   Thumb Code    26  stm32f4xx_hal_cortex.o(i.HAL_NVIC_SetPriorityGrouping)
    HAL_RCC_ClockConfig                      0x08000c09   Thumb Code   288  stm32f4xx_hal_rcc.o(i.HAL_RCC_ClockConfig)
    HAL_RCC_GetSysClockFreq                  0x08000d3d   Thumb Code    88  stm32f4xx_hal_rcc.o(i.HAL_RCC_GetSysClockFreq)
    HAL_RCC_OscConfig                        0x08000da1   Thumb Code   840  stm32f4xx_hal_rcc.o(i.HAL_RCC_OscConfig)
    HAL_SRAM_Init                            0x080010fd   Thumb Code    86  stm32f4xx_hal_sram.o(i.HAL_SRAM_Init)
    HAL_SRAM_MspInit                         0x08001153   Thumb Code     4  stm32f4xx_hal_msp.o(i.HAL_SRAM_MspInit)
    HAL_SYSTICK_Config                       0x08001157   Thumb Code    40  stm32f4xx_hal_cortex.o(i.HAL_SYSTICK_Config)
    HardFault_Handler                        0x0800117f   Thumb Code     2  stm32f4xx_it.o(i.HardFault_Handler)
    IIC_Ack                                  0x08001181   Thumb Code    56  myiic.o(i.IIC_Ack)
    IIC_Init                                 0x080011c1   Thumb Code    14  myiic.o(i.IIC_Init)
    IIC_NAck                                 0x080011d5   Thumb Code    56  myiic.o(i.IIC_NAck)
    IIC_Read_Byte                            0x08001215   Thumb Code    96  myiic.o(i.IIC_Read_Byte)
    IIC_Send_Byte                            0x0800127d   Thumb Code    86  myiic.o(i.IIC_Send_Byte)
    IIC_Start                                0x080012dd   Thumb Code    56  myiic.o(i.IIC_Start)
    IIC_Stop                                 0x0800131d   Thumb Code    58  myiic.o(i.IIC_Stop)
    IIC_Wait_Ack                             0x08001361   Thumb Code    74  myiic.o(i.IIC_Wait_Ack)
    LCD_Clear                                0x080013b5   Thumb Code    98  lcd.o(i.LCD_Clear)
    LCD_Display_Dir                          0x08001421   Thumb Code   258  lcd.o(i.LCD_Display_Dir)
    LCD_DrawLine                             0x08001529   Thumb Code   154  lcd.o(i.LCD_DrawLine)
    LCD_DrawPoint                            0x080015c5   Thumb Code    20  lcd.o(i.LCD_DrawPoint)
    LCD_DrawRectangle                        0x080015e1   Thumb Code    56  lcd.o(i.LCD_DrawRectangle)
    LCD_Draw_Circle                          0x08001619   Thumb Code   176  lcd.o(i.LCD_Draw_Circle)
    LCD_Fast_DrawPoint                       0x080016c9   Thumb Code   212  lcd.o(i.LCD_Fast_DrawPoint)
    LCD_Fill                                 0x080017a5   Thumb Code   132  lcd.o(i.LCD_Fill)
    LCD_Init                                 0x08001831   Thumb Code   856  lcd.o(i.LCD_Init)
    LCD_Pow                                  0x08001b91   Thumb Code    16  lcd.o(i.LCD_Pow)
    LCD_RD_DATA                              0x08001ba1   Thumb Code    16  lcd.o(i.LCD_RD_DATA)
    LCD_ReadReg                              0x08001bb5   Thumb Code    24  lcd.o(i.LCD_ReadReg)
    LCD_Scan_Dir                             0x08001bcd   Thumb Code   514  lcd.o(i.LCD_Scan_Dir)
    LCD_SetCursor                            0x08001dd5   Thumb Code   214  lcd.o(i.LCD_SetCursor)
    LCD_ShowChar                             0x08001eb1   Thumb Code   190  lcd.o(i.LCD_ShowChar)
    LCD_ShowNum                              0x08001f85   Thumb Code   118  lcd.o(i.LCD_ShowNum)
    LCD_ShowString                           0x08001ffb   Thumb Code    84  lcd.o(i.LCD_ShowString)
    LCD_WR_DATA                              0x08002051   Thumb Code    20  lcd.o(i.LCD_WR_DATA)
    LCD_WR_REG                               0x08002069   Thumb Code    20  lcd.o(i.LCD_WR_REG)
    LCD_WriteRAM_Prepare                     0x08002081   Thumb Code    10  lcd.o(i.LCD_WriteRAM_Prepare)
    LCD_WriteReg                             0x08002095   Thumb Code    20  lcd.o(i.LCD_WriteReg)
    MX_X_CUBE_AI_Init                        0x080021d1   Thumb Code     6  app_x-cube-ai.o(i.MX_X_CUBE_AI_Init)
    MemManage_Handler                        0x080021dd   Thumb Code     2  stm32f4xx_it.o(i.MemManage_Handler)
    NMI_Handler                              0x080021df   Thumb Code     2  stm32f4xx_it.o(i.NMI_Handler)
    PendSV_Handler                           0x080021e1   Thumb Code     2  stm32f4xx_it.o(i.PendSV_Handler)
    READ_BUF_to_cnn_input_buf_convert        0x080021e5   Thumb Code   124  rec.o(i.READ_BUF_to_cnn_input_buf_convert)
    SVC_Handler                              0x08002261   Thumb Code     2  stm32f4xx_it.o(i.SVC_Handler)
    Show_Str                                 0x08002263   Thumb Code   156  text.o(i.Show_Str)
    SysTick_Handler                          0x080022ff   Thumb Code     4  stm32f4xx_it.o(i.SysTick_Handler)
    SystemClock_Config                       0x08002305   Thumb Code   102  main.o(i.SystemClock_Config)
    SystemInit                               0x08002375   Thumb Code    22  system_stm32f4xx.o(i.SystemInit)
    TP_Adj_Info_Show                         0x08002391   Thumb Code   326  touch.o(i.TP_Adj_Info_Show)
    TP_Drow_Touch_Point                      0x08002509   Thumb Code   106  touch.o(i.TP_Drow_Touch_Point)
    TP_Get_Adjdata                           0x08002579   Thumb Code   130  touch.o(i.TP_Get_Adjdata)
    TP_Read_AD                               0x08002609   Thumb Code   122  touch.o(i.TP_Read_AD)
    TP_Read_XOY                              0x08002689   Thumb Code   100  touch.o(i.TP_Read_XOY)
    TP_Read_XY                               0x080026ed   Thumb Code    34  touch.o(i.TP_Read_XY)
    TP_Read_XY2                              0x08002715   Thumb Code   122  touch.o(i.TP_Read_XY2)
    TP_Save_Adjdata                          0x08002791   Thumb Code   110  touch.o(i.TP_Save_Adjdata)
    TP_Write_Byte                            0x08002809   Thumb Code    60  touch.o(i.TP_Write_Byte)
    UsageFault_Handler                       0x08002849   Thumb Code     2  stm32f4xx_it.o(i.UsageFault_Handler)
    __ARM_fpclassifyf                        0x0800284b   Thumb Code    38  fpclassifyf.o(i.__ARM_fpclassifyf)
    __hardfp_expf                            0x08002891   Thumb Code   426  expf.o(i.__hardfp_expf)
    __mathlib_expf                           0x08002891   Thumb Code     0  expf.o(i.__hardfp_expf)
    __hardfp_sqrt                            0x08002a79   Thumb Code   122  sqrt.o(i.__hardfp_sqrt)
    __mathlib_flt_infnan                     0x08002af3   Thumb Code     6  funder.o(i.__mathlib_flt_infnan)
    __mathlib_flt_overflow                   0x08002af9   Thumb Code    10  funder.o(i.__mathlib_flt_overflow)
    __mathlib_flt_underflow                  0x08002b09   Thumb Code    10  funder.o(i.__mathlib_flt_underflow)
    __scatterload_copy                       0x08002b19   Thumb Code    14  handlers.o(i.__scatterload_copy)
    __scatterload_null                       0x08002b27   Thumb Code     2  handlers.o(i.__scatterload_null)
    __scatterload_zeroinit                   0x08002b29   Thumb Code    14  handlers.o(i.__scatterload_zeroinit)
    __set_errno                              0x08002b39   Thumb Code     6  errno.o(i.__set_errno)
    aiInit                                   0x08002e75   Thumb Code    82  app_x-cube-ai.o(i.aiInit)
    aiRun                                    0x08002ed1   Thumb Code    62  app_x-cube-ai.o(i.aiRun)
    ai_array_get_byte_size                   0x08002f15   Thumb Code    62  ai_datatypes_format.o(i.ai_array_get_byte_size)
    ai_array_to_buffer_fmt                   0x08002f55   Thumb Code   198  ai_datatypes_format.o(i.ai_array_to_buffer_fmt)
    ai_check_custom_types                    0x0800303d   Thumb Code    38  layers.o(i.ai_check_custom_types)
    ai_dict4_dot_array_f32                   0x08003529   Thumb Code   294  layers_conv2d_generic_float.o(i.ai_dict4_dot_array_f32)
    ai_dict8_dot_array_f32                   0x08003655   Thumb Code   228  layers_conv2d_generic_float.o(i.ai_dict8_dot_array_f32)
    ai_dict_decompress_f32                   0x0800373d   Thumb Code   122  layers_conv2d_generic_float.o(i.ai_dict_decompress_f32)
    ai_layers_forward_all                    0x080037c9   Thumb Code    24  layers.o(i.ai_layers_forward_all)
    ai_network_create                        0x080037e1   Thumb Code    20  network.o(i.ai_network_create)
    ai_network_data_weights_get              0x080037f9   Thumb Code     4  network_data.o(i.ai_network_data_weights_get)
    ai_network_destroy                       0x08003801   Thumb Code     4  network.o(i.ai_network_destroy)
    ai_network_get_error                     0x08003805   Thumb Code     4  network.o(i.ai_network_get_error)
    ai_network_init                          0x08003809   Thumb Code    88  network.o(i.ai_network_init)
    ai_network_run                           0x08003865   Thumb Code     4  network.o(i.ai_network_run)
    ai_platform_context_acquire              0x08003869   Thumb Code    24  ai_platform_interface.o(i.ai_platform_context_acquire)
    ai_platform_network_create               0x08003885   Thumb Code    96  ai_platform_interface.o(i.ai_platform_network_create)
    ai_platform_network_destroy              0x080038f5   Thumb Code    18  ai_platform_interface.o(i.ai_platform_network_destroy)
    ai_platform_network_get_error            0x08003909   Thumb Code    24  ai_platform_interface.o(i.ai_platform_network_get_error)
    ai_platform_network_init                 0x08003925   Thumb Code   126  ai_platform_interface.o(i.ai_platform_network_init)
    ai_platform_network_process              0x080039a3   Thumb Code    86  ai_platform_interface.o(i.ai_platform_network_process)
    ai_platform_network_set_error            0x080039f9   Thumb Code    12  ai_platform_interface.o(i.ai_platform_network_set_error)
    core_get_error                           0x08003a1f   Thumb Code    12  core_common.o(i.core_get_error)
    core_init                                0x08003a2b   Thumb Code     4  core_common.o(i.core_init)
    core_set_error                           0x08003a59   Thumb Code    26  core_common.o(i.core_set_error)
    delay_us                                 0x08003a75   Thumb Code    70  delay.o(i.delay_us)
    forward_conv2d_nl_pool                   0x08003ac1   Thumb Code  1106  layers_conv2d_generic_float.o(i.forward_conv2d_nl_pool)
    forward_dense                            0x08003f19   Thumb Code   460  layers_conv2d_generic_float.o(i.forward_dense)
    forward_relu                             0x080040e9   Thumb Code   154  layers_nl_generic_float.o(i.forward_relu)
    forward_sm                               0x08004183   Thumb Code   108  layers_nl_generic_float.o(i.forward_sm)
    gui_draw_hline                           0x080041f1   Thumb Code    22  lcd.o(i.gui_draw_hline)
    gui_fill_circle                          0x08004207   Thumb Code   182  lcd.o(i.gui_fill_circle)
    lcd_adjust                               0x080042bd   Thumb Code  1342  touch.o(i.lcd_adjust)
    lcd_draw_bline                           0x0800482d   Thumb Code   182  lcd.o(i.lcd_draw_bline)
    main                                     0x080048e5   Thumb Code   560  main.o(i.main)
    my_max                                   0x08004b99   Thumb Code     8  rec.o(i.my_max)
    nl_func_relu_array_f32                   0x08004c25   Thumb Code    58  layers_nl_generic_float.o(i.nl_func_relu_array_f32)
    nl_func_relu_generic_array_f32           0x08004c65   Thumb Code   186  layers_nl_generic_float.o(i.nl_func_relu_generic_array_f32)
    nl_func_relu_thresholded_array_f32       0x08004d25   Thumb Code    62  layers_nl_generic_float.o(i.nl_func_relu_thresholded_array_f32)
    nl_func_sm_array_f32                     0x08004d69   Thumb Code    76  layers_nl_generic_float.o(i.nl_func_sm_array_f32)
    nl_func_sm_channel_f32                   0x08004db5   Thumb Code   138  layers_nl_generic_float.o(i.nl_func_sm_channel_f32)
    pool_func_mp_array_f32                   0x08004e45   Thumb Code   424  layers_pool_generic_float.o(i.pool_func_mp_array_f32)
    touch_init                               0x08004ff1   Thumb Code    48  touch.o(i.touch_init)
    touch_scan                               0x08005025   Thumb Code   170  touch.o(i.touch_scan)
    asc2_1206                                0x080050d8   Data        1140  lcd.o(.constdata)
    asc2_1608                                0x0800554c   Data        1520  lcd.o(.constdata)
    asc2_2412                                0x08005b3c   Data        3420  lcd.o(.constdata)
    TP_REMIND_MSG_TBL                        0x08006898   Data           4  touch.o(.constdata)
    AHBPrescTable                            0x08049fcc   Data          16  system_stm32f4xx.o(.constdata)
    Region$$Table$$Base                      0x0804a0a8   Number         0  anon$$obj.o(Region$$Table)
    Region$$Table$$Limit                     0x0804a0c8   Number         0  anon$$obj.o(Region$$Table)
    POINT_COLOR                              0x20000000   Data           2  lcd.o(.data)
    BACK_COLOR                               0x20000002   Data           2  lcd.o(.data)
    CMD_RDX                                  0x20000004   Data           1  touch.o(.data)
    CMD_RDY                                  0x20000005   Data           1  touch.o(.data)
    hcrc                                     0x200006d0   Data           8  main.o(.data)
    uwTickFreq                               0x20000714   Data           1  stm32f4xx_hal.o(.data)
    uwTickPrio                               0x20000718   Data           4  stm32f4xx_hal.o(.data)
    uwTick                                   0x2000071c   Data           4  stm32f4xx_hal.o(.data)
    SystemCoreClock                          0x20000720   Data           4  system_stm32f4xx.o(.data)
    lcddev                                   0x20000728   Data          14  lcd.o(.bss)
    tp_dev                                   0x20000738   Data          40  touch.o(.bss)
    hsram1                                   0x20001438   Data          80  main.o(.bss)
    __initial_sp                             0x20009770   Data           0  startup_stm32f407xx.o(STACK)



==============================================================================

Memory Map of the image

  Image Entry point : 0x08000189

  Load Region LR_IROM1 (Base: 0x08000000, Size: 0x0004a7f0, Max: 0x00080000, ABSOLUTE, COMPRESSED[0x0004a340])

    Execution Region ER_IROM1 (Exec base: 0x08000000, Load base: 0x08000000, Size: 0x0004a0c8, Max: 0x00080000, ABSOLUTE)

    Exec Addr    Load Addr    Size         Type   Attr      Idx    E Section Name        Object

    0x08000000   0x08000000   0x00000188   Data   RO            3    RESET               startup_stm32f407xx.o
    0x08000188   0x08000188   0x00000000   Code   RO         3308  * .ARM.Collect$$$$00000000  mc_w.l(entry.o)
    0x08000188   0x08000188   0x00000004   Code   RO         3382    .ARM.Collect$$$$00000001  mc_w.l(entry2.o)
    0x0800018c   0x0800018c   0x00000004   Code   RO         3385    .ARM.Collect$$$$00000004  mc_w.l(entry5.o)
    0x08000190   0x08000190   0x00000000   Code   RO         3387    .ARM.Collect$$$$00000008  mc_w.l(entry7b.o)
    0x08000190   0x08000190   0x00000000   Code   RO         3389    .ARM.Collect$$$$0000000A  mc_w.l(entry8b.o)
    0x08000190   0x08000190   0x00000008   Code   RO         3390    .ARM.Collect$$$$0000000B  mc_w.l(entry9a.o)
    0x08000198   0x08000198   0x00000000   Code   RO         3392    .ARM.Collect$$$$0000000D  mc_w.l(entry10a.o)
    0x08000198   0x08000198   0x00000000   Code   RO         3394    .ARM.Collect$$$$0000000F  mc_w.l(entry11a.o)
    0x08000198   0x08000198   0x00000004   Code   RO         3383    .ARM.Collect$$$$00002712  mc_w.l(entry2.o)
    0x0800019c   0x0800019c   0x00000024   Code   RO            4    .text               startup_stm32f407xx.o
    0x080001c0   0x080001c0   0x00000062   Code   RO         3311    .text               mc_w.l(uldiv.o)
    0x08000222   0x08000222   0x00000024   Code   RO         3316    .text               mc_w.l(memcpya.o)
    0x08000246   0x08000246   0x00000024   Code   RO         3318    .text               mc_w.l(memseta.o)
    0x0800026a   0x0800026a   0x0000001a   Code   RO         3322    .text               mc_w.l(memcmp.o)
    0x08000284   0x08000284   0x000000e4   Code   RO         3326    .text               mf_w.l(dmul.o)
    0x08000368   0x08000368   0x0000001a   Code   RO         3328    .text               mf_w.l(dfltui.o)
    0x08000382   0x08000382   0x00000032   Code   RO         3330    .text               mf_w.l(dfixui.o)
    0x080003b4   0x080003b4   0x00000026   Code   RO         3332    .text               mf_w.l(f2d.o)
    0x080003da   0x080003da   0x00000002   PAD
    0x080003dc   0x080003dc   0x00000030   Code   RO         3334    .text               mf_w.l(cdcmple.o)
    0x0800040c   0x0800040c   0x00000030   Code   RO         3336    .text               mf_w.l(cdrcmple.o)
    0x0800043c   0x0800043c   0x0000001e   Code   RO         3396    .text               mc_w.l(llshl.o)
    0x0800045a   0x0800045a   0x00000020   Code   RO         3398    .text               mc_w.l(llushr.o)
    0x0800047a   0x0800047a   0x00000000   Code   RO         3407    .text               mc_w.l(iusefp.o)
    0x0800047a   0x0800047a   0x000000ba   Code   RO         3412    .text               mf_w.l(depilogue.o)
    0x08000534   0x08000534   0x000000a2   Code   RO         3414    .text               mf_w.l(dsqrt.o)
    0x080005d6   0x080005d6   0x00000002   PAD
    0x080005d8   0x080005d8   0x00000024   Code   RO         3418    .text               mc_w.l(init.o)
    0x080005fc   0x080005fc   0x00000056   Code   RO         3430    .text               mc_w.l(__dczerorl2.o)
    0x08000652   0x08000652   0x00000004   Code   RO          169    i.AT24CXX_Init      24cxx.o
    0x08000656   0x08000656   0x0000002a   Code   RO          171    i.AT24CXX_ReadLenByte  24cxx.o
    0x08000680   0x08000680   0x00000042   Code   RO          172    i.AT24CXX_ReadOneByte  24cxx.o
    0x080006c2   0x080006c2   0x0000002a   Code   RO          174    i.AT24CXX_WriteLenByte  24cxx.o
    0x080006ec   0x080006ec   0x0000003e   Code   RO          175    i.AT24CXX_WriteOneByte  24cxx.o
    0x0800072a   0x0800072a   0x00000002   Code   RO         1095    i.BusFault_Handler  stm32f4xx_it.o
    0x0800072c   0x0800072c   0x00000038   Code   RO         2734    i.CRC_Lock          NetworkRuntime500_CM4_Keil.lib(ai_platform_interface.o)
    0x08000764   0x08000764   0x00000002   Code   RO         1096    i.DebugMon_Handler  stm32f4xx_it.o
    0x08000766   0x08000766   0x00000002   PAD
    0x08000768   0x08000768   0x00000040   Code   RO         2425    i.FSMC_NORSRAM_Extended_Timing_Init  stm32f4xx_ll_fsmc.o
    0x080007a8   0x080007a8   0x00000054   Code   RO         2426    i.FSMC_NORSRAM_Init  stm32f4xx_ll_fsmc.o
    0x080007fc   0x080007fc   0x00000044   Code   RO         2427    i.FSMC_NORSRAM_Timing_Init  stm32f4xx_ll_fsmc.o
    0x08000840   0x08000840   0x00000022   Code   RO         1229    i.HAL_CRC_Init      stm32f4xx_hal_crc.o
    0x08000862   0x08000862   0x00000002   PAD
    0x08000864   0x08000864   0x00000028   Code   RO         1171    i.HAL_CRC_MspInit   stm32f4xx_hal_msp.o
    0x0800088c   0x0800088c   0x00000024   Code   RO         2166    i.HAL_Delay         stm32f4xx_hal.o
    0x080008b0   0x080008b0   0x00000070   Code   RO         1172    i.HAL_FSMC_MspInit  stm32f4xx_hal_msp.o
    0x08000920   0x08000920   0x000001b8   Code   RO         1640    i.HAL_GPIO_Init     stm32f4xx_hal_gpio.o
    0x08000ad8   0x08000ad8   0x0000000a   Code   RO         1644    i.HAL_GPIO_WritePin  stm32f4xx_hal_gpio.o
    0x08000ae2   0x08000ae2   0x00000002   PAD
    0x08000ae4   0x08000ae4   0x0000000c   Code   RO         2172    i.HAL_GetTick       stm32f4xx_hal.o
    0x08000af0   0x08000af0   0x00000010   Code   RO         2178    i.HAL_IncTick       stm32f4xx_hal.o
    0x08000b00   0x08000b00   0x00000034   Code   RO         2179    i.HAL_Init          stm32f4xx_hal.o
    0x08000b34   0x08000b34   0x00000040   Code   RO         2180    i.HAL_InitTick      stm32f4xx_hal.o
    0x08000b74   0x08000b74   0x00000030   Code   RO         1173    i.HAL_MspInit       stm32f4xx_hal_msp.o
    0x08000ba4   0x08000ba4   0x00000040   Code   RO         2035    i.HAL_NVIC_SetPriority  stm32f4xx_hal_cortex.o
    0x08000be4   0x08000be4   0x00000024   Code   RO         2036    i.HAL_NVIC_SetPriorityGrouping  stm32f4xx_hal_cortex.o
    0x08000c08   0x08000c08   0x00000134   Code   RO         1286    i.HAL_RCC_ClockConfig  stm32f4xx_hal_rcc.o
    0x08000d3c   0x08000d3c   0x00000064   Code   RO         1295    i.HAL_RCC_GetSysClockFreq  stm32f4xx_hal_rcc.o
    0x08000da0   0x08000da0   0x0000035c   Code   RO         1298    i.HAL_RCC_OscConfig  stm32f4xx_hal_rcc.o
    0x080010fc   0x080010fc   0x00000056   Code   RO         2547    i.HAL_SRAM_Init     stm32f4xx_hal_sram.o
    0x08001152   0x08001152   0x00000004   Code   RO         1175    i.HAL_SRAM_MspInit  stm32f4xx_hal_msp.o
    0x08001156   0x08001156   0x00000028   Code   RO         2040    i.HAL_SYSTICK_Config  stm32f4xx_hal_cortex.o
    0x0800117e   0x0800117e   0x00000002   Code   RO         1097    i.HardFault_Handler  stm32f4xx_it.o
    0x08001180   0x08001180   0x00000040   Code   RO          276    i.IIC_Ack           myiic.o
    0x080011c0   0x080011c0   0x00000014   Code   RO          277    i.IIC_Init          myiic.o
    0x080011d4   0x080011d4   0x00000040   Code   RO          278    i.IIC_NAck          myiic.o
    0x08001214   0x08001214   0x00000068   Code   RO          279    i.IIC_Read_Byte     myiic.o
    0x0800127c   0x0800127c   0x00000060   Code   RO          280    i.IIC_Send_Byte     myiic.o
    0x080012dc   0x080012dc   0x00000040   Code   RO          281    i.IIC_Start         myiic.o
    0x0800131c   0x0800131c   0x00000044   Code   RO          282    i.IIC_Stop          myiic.o
    0x08001360   0x08001360   0x00000054   Code   RO          283    i.IIC_Wait_Ack      myiic.o
    0x080013b4   0x080013b4   0x0000006c   Code   RO          346    i.LCD_Clear         lcd.o
    0x08001420   0x08001420   0x00000108   Code   RO          350    i.LCD_Display_Dir   lcd.o
    0x08001528   0x08001528   0x0000009a   Code   RO          351    i.LCD_DrawLine      lcd.o
    0x080015c2   0x080015c2   0x00000002   PAD
    0x080015c4   0x080015c4   0x0000001c   Code   RO          352    i.LCD_DrawPoint     lcd.o
    0x080015e0   0x080015e0   0x00000038   Code   RO          353    i.LCD_DrawRectangle  lcd.o
    0x08001618   0x08001618   0x000000b0   Code   RO          354    i.LCD_Draw_Circle   lcd.o
    0x080016c8   0x080016c8   0x000000dc   Code   RO          355    i.LCD_Fast_DrawPoint  lcd.o
    0x080017a4   0x080017a4   0x0000008c   Code   RO          356    i.LCD_Fill          lcd.o
    0x08001830   0x08001830   0x00000360   Code   RO          357    i.LCD_Init          lcd.o
    0x08001b90   0x08001b90   0x00000010   Code   RO          358    i.LCD_Pow           lcd.o
    0x08001ba0   0x08001ba0   0x00000014   Code   RO          359    i.LCD_RD_DATA       lcd.o
    0x08001bb4   0x08001bb4   0x00000018   Code   RO          361    i.LCD_ReadReg       lcd.o
    0x08001bcc   0x08001bcc   0x00000208   Code   RO          362    i.LCD_Scan_Dir      lcd.o
    0x08001dd4   0x08001dd4   0x000000dc   Code   RO          363    i.LCD_SetCursor     lcd.o
    0x08001eb0   0x08001eb0   0x000000d4   Code   RO          365    i.LCD_ShowChar      lcd.o
    0x08001f84   0x08001f84   0x00000076   Code   RO          366    i.LCD_ShowNum       lcd.o
    0x08001ffa   0x08001ffa   0x00000054   Code   RO          367    i.LCD_ShowString    lcd.o
    0x0800204e   0x0800204e   0x00000002   PAD
    0x08002050   0x08002050   0x00000018   Code   RO          369    i.LCD_WR_DATA       lcd.o
    0x08002068   0x08002068   0x00000018   Code   RO          370    i.LCD_WR_REG        lcd.o
    0x08002080   0x08002080   0x00000014   Code   RO          372    i.LCD_WriteRAM_Prepare  lcd.o
    0x08002094   0x08002094   0x00000018   Code   RO          373    i.LCD_WriteReg      lcd.o
    0x080020ac   0x080020ac   0x00000080   Code   RO          968    i.MX_FSMC_Init      main.o
    0x0800212c   0x0800212c   0x000000a4   Code   RO          969    i.MX_GPIO_Init      main.o
    0x080021d0   0x080021d0   0x0000000c   Code   RO         1037    i.MX_X_CUBE_AI_Init  app_x-cube-ai.o
    0x080021dc   0x080021dc   0x00000002   Code   RO         1098    i.MemManage_Handler  stm32f4xx_it.o
    0x080021de   0x080021de   0x00000002   Code   RO         1099    i.NMI_Handler       stm32f4xx_it.o
    0x080021e0   0x080021e0   0x00000002   Code   RO         1100    i.PendSV_Handler    stm32f4xx_it.o
    0x080021e2   0x080021e2   0x00000002   PAD
    0x080021e4   0x080021e4   0x0000007c   Code   RO          246    i.READ_BUF_to_cnn_input_buf_convert  rec.o
    0x08002260   0x08002260   0x00000002   Code   RO         1101    i.SVC_Handler       stm32f4xx_it.o
    0x08002262   0x08002262   0x0000009c   Code   RO          574    i.Show_Str          text.o
    0x080022fe   0x080022fe   0x00000004   Code   RO         1102    i.SysTick_Handler   stm32f4xx_it.o
    0x08002302   0x08002302   0x00000002   PAD
    0x08002304   0x08002304   0x00000070   Code   RO          970    i.SystemClock_Config  main.o
    0x08002374   0x08002374   0x0000001c   Code   RO         2700    i.SystemInit        system_stm32f4xx.o
    0x08002390   0x08002390   0x00000178   Code   RO          617    i.TP_Adj_Info_Show  touch.o
    0x08002508   0x08002508   0x00000070   Code   RO          619    i.TP_Drow_Touch_Point  touch.o
    0x08002578   0x08002578   0x00000090   Code   RO          620    i.TP_Get_Adjdata    touch.o
    0x08002608   0x08002608   0x00000080   Code   RO          621    i.TP_Read_AD        touch.o
    0x08002688   0x08002688   0x00000064   Code   RO          622    i.TP_Read_XOY       touch.o
    0x080026ec   0x080026ec   0x00000028   Code   RO          623    i.TP_Read_XY        touch.o
    0x08002714   0x08002714   0x0000007a   Code   RO          624    i.TP_Read_XY2       touch.o
    0x0800278e   0x0800278e   0x00000002   PAD
    0x08002790   0x08002790   0x00000078   Code   RO          625    i.TP_Save_Adjdata   touch.o
    0x08002808   0x08002808   0x00000040   Code   RO          626    i.TP_Write_Byte     touch.o
    0x08002848   0x08002848   0x00000002   Code   RO         1103    i.UsageFault_Handler  stm32f4xx_it.o
    0x0800284a   0x0800284a   0x00000026   Code   RO         3344    i.__ARM_fpclassifyf  m_wm.l(fpclassifyf.o)
    0x08002870   0x08002870   0x00000020   Code   RO         2042    i.__NVIC_SetPriority  stm32f4xx_hal_cortex.o
    0x08002890   0x08002890   0x000001e8   Code   RO         3184    i.__hardfp_expf     m_wm.l(expf.o)
    0x08002a78   0x08002a78   0x0000007a   Code   RO         3268    i.__hardfp_sqrt     m_wm.l(sqrt.o)
    0x08002af2   0x08002af2   0x00000006   Code   RO         3347    i.__mathlib_flt_infnan  m_wm.l(funder.o)
    0x08002af8   0x08002af8   0x00000010   Code   RO         3350    i.__mathlib_flt_overflow  m_wm.l(funder.o)
    0x08002b08   0x08002b08   0x00000010   Code   RO         3352    i.__mathlib_flt_underflow  m_wm.l(funder.o)
    0x08002b18   0x08002b18   0x0000000e   Code   RO         3424    i.__scatterload_copy  mc_w.l(handlers.o)
    0x08002b26   0x08002b26   0x00000002   Code   RO         3425    i.__scatterload_null  mc_w.l(handlers.o)
    0x08002b28   0x08002b28   0x0000000e   Code   RO         3426    i.__scatterload_zeroinit  mc_w.l(handlers.o)
    0x08002b36   0x08002b36   0x00000002   PAD
    0x08002b38   0x08002b38   0x0000000c   Code   RO         3402    i.__set_errno       mc_w.l(errno.o)
    0x08002b44   0x08002b44   0x0000020e   Code   RO         2736    i._platform_network_io_bind  NetworkRuntime500_CM4_Keil.lib(ai_platform_interface.o)
    0x08002d52   0x08002d52   0x00000038   Code   RO         2737    i._platform_network_state_setup  NetworkRuntime500_CM4_Keil.lib(ai_platform_interface.o)
    0x08002d8a   0x08002d8a   0x00000068   Code   RO         2738    i._platform_network_state_update_input  NetworkRuntime500_CM4_Keil.lib(ai_platform_interface.o)
    0x08002df2   0x08002df2   0x00000080   Code   RO         2739    i._platform_network_state_update_output  NetworkRuntime500_CM4_Keil.lib(ai_platform_interface.o)
    0x08002e72   0x08002e72   0x00000002   PAD
    0x08002e74   0x08002e74   0x0000005c   Code   RO         1039    i.aiInit            app_x-cube-ai.o
    0x08002ed0   0x08002ed0   0x00000044   Code   RO         1040    i.aiRun             app_x-cube-ai.o
    0x08002f14   0x08002f14   0x0000003e   Code   RO         2981    i.ai_array_get_byte_size  NetworkRuntime500_CM4_Keil.lib(ai_datatypes_format.o)
    0x08002f52   0x08002f52   0x00000002   PAD
    0x08002f54   0x08002f54   0x000000e8   Code   RO         2984    i.ai_array_to_buffer_fmt  NetworkRuntime500_CM4_Keil.lib(ai_datatypes_format.o)
    0x0800303c   0x0800303c   0x0000002c   Code   RO         3044    i.ai_check_custom_types  NetworkRuntime500_CM4_Keil.lib(layers.o)
    0x08003068   0x08003068   0x00000120   Code   RO         2776    i.ai_conv2d_kernel_depthwise_f32  NetworkRuntime500_CM4_Keil.lib(layers_conv2d_generic_float.o)
    0x08003188   0x08003188   0x000000b2   Code   RO         2777    i.ai_conv2d_kernel_f32  NetworkRuntime500_CM4_Keil.lib(layers_conv2d_generic_float.o)
    0x0800323a   0x0800323a   0x00000002   PAD
    0x0800323c   0x0800323c   0x00000164   Code   RO         2778    i.ai_conv2d_kernel_group_f32  NetworkRuntime500_CM4_Keil.lib(layers_conv2d_generic_float.o)
    0x080033a0   0x080033a0   0x000000fc   Code   RO         2779    i.ai_conv2d_kernel_simple_f32  NetworkRuntime500_CM4_Keil.lib(layers_conv2d_generic_float.o)
    0x0800349c   0x0800349c   0x0000008c   Code   RO         2780    i.ai_conv2d_stripe_f32  NetworkRuntime500_CM4_Keil.lib(layers_conv2d_generic_float.o)
    0x08003528   0x08003528   0x0000012c   Code   RO         2781    i.ai_dict4_dot_array_f32  NetworkRuntime500_CM4_Keil.lib(layers_conv2d_generic_float.o)
    0x08003654   0x08003654   0x000000e8   Code   RO         2782    i.ai_dict8_dot_array_f32  NetworkRuntime500_CM4_Keil.lib(layers_conv2d_generic_float.o)
    0x0800373c   0x0800373c   0x0000007a   Code   RO         2783    i.ai_dict_decompress_f32  NetworkRuntime500_CM4_Keil.lib(layers_conv2d_generic_float.o)
    0x080037b6   0x080037b6   0x00000012   Code   RO         3045    i.ai_forward_layer  NetworkRuntime500_CM4_Keil.lib(layers.o)
    0x080037c8   0x080037c8   0x00000018   Code   RO         3048    i.ai_layers_forward_all  NetworkRuntime500_CM4_Keil.lib(layers.o)
    0x080037e0   0x080037e0   0x00000018   Code   RO          726    i.ai_network_create  network.o
    0x080037f8   0x080037f8   0x00000008   Code   RO          948    i.ai_network_data_weights_get  network_data.o
    0x08003800   0x08003800   0x00000004   Code   RO          727    i.ai_network_destroy  network.o
    0x08003804   0x08003804   0x00000004   Code   RO          729    i.ai_network_get_error  network.o
    0x08003808   0x08003808   0x0000005c   Code   RO          731    i.ai_network_init   network.o
    0x08003864   0x08003864   0x00000004   Code   RO          732    i.ai_network_run    network.o
    0x08003868   0x08003868   0x0000001c   Code   RO         2742    i.ai_platform_context_acquire  NetworkRuntime500_CM4_Keil.lib(ai_platform_interface.o)
    0x08003884   0x08003884   0x00000070   Code   RO         2745    i.ai_platform_network_create  NetworkRuntime500_CM4_Keil.lib(ai_platform_interface.o)
    0x080038f4   0x080038f4   0x00000012   Code   RO         2746    i.ai_platform_network_destroy  NetworkRuntime500_CM4_Keil.lib(ai_platform_interface.o)
    0x08003906   0x08003906   0x00000002   PAD
    0x08003908   0x08003908   0x0000001c   Code   RO         2747    i.ai_platform_network_get_error  NetworkRuntime500_CM4_Keil.lib(ai_platform_interface.o)
    0x08003924   0x08003924   0x0000007e   Code   RO         2748    i.ai_platform_network_init  NetworkRuntime500_CM4_Keil.lib(ai_platform_interface.o)
    0x080039a2   0x080039a2   0x00000056   Code   RO         2749    i.ai_platform_network_process  NetworkRuntime500_CM4_Keil.lib(ai_platform_interface.o)
    0x080039f8   0x080039f8   0x0000000c   Code   RO         2750    i.ai_platform_network_set_error  NetworkRuntime500_CM4_Keil.lib(ai_platform_interface.o)
    0x08003a04   0x08003a04   0x0000001a   Code   RO         2815    i.ai_shape_get_size  NetworkRuntime500_CM4_Keil.lib(layers_nl_generic_float.o)
    0x08003a1e   0x08003a1e   0x0000000c   Code   RO         3056    i.core_get_error    NetworkRuntime500_CM4_Keil.lib(core_common.o)
    0x08003a2a   0x08003a2a   0x00000004   Code   RO         3057    i.core_init         NetworkRuntime500_CM4_Keil.lib(core_common.o)
    0x08003a2e   0x08003a2e   0x0000000e   Code   RO         2785    i.core_nl_get_params_byte_size  NetworkRuntime500_CM4_Keil.lib(layers_conv2d_generic_float.o)
    0x08003a3c   0x08003a3c   0x00000012   Code   RO         2786    i.core_nl_get_params_ptr  NetworkRuntime500_CM4_Keil.lib(layers_conv2d_generic_float.o)
    0x08003a4e   0x08003a4e   0x0000000a   Code   RO         2787    i.core_nl_get_params_stride  NetworkRuntime500_CM4_Keil.lib(layers_conv2d_generic_float.o)
    0x08003a58   0x08003a58   0x0000001a   Code   RO         3058    i.core_set_error    NetworkRuntime500_CM4_Keil.lib(core_common.o)
    0x08003a72   0x08003a72   0x00000002   PAD
    0x08003a74   0x08003a74   0x0000004c   Code   RO           13    i.delay_us          delay.o
    0x08003ac0   0x08003ac0   0x00000458   Code   RO         2789    i.forward_conv2d_nl_pool  NetworkRuntime500_CM4_Keil.lib(layers_conv2d_generic_float.o)
    0x08003f18   0x08003f18   0x000001d0   Code   RO         2790    i.forward_dense     NetworkRuntime500_CM4_Keil.lib(layers_conv2d_generic_float.o)
    0x080040e8   0x080040e8   0x0000009a   Code   RO         2837    i.forward_relu      NetworkRuntime500_CM4_Keil.lib(layers_nl_generic_float.o)
    0x08004182   0x08004182   0x0000006c   Code   RO         2846    i.forward_sm        NetworkRuntime500_CM4_Keil.lib(layers_nl_generic_float.o)
    0x080041ee   0x080041ee   0x00000002   Code   RO         2793    i.func_dummy        NetworkRuntime500_CM4_Keil.lib(layers_conv2d_generic_float.o)
    0x080041f0   0x080041f0   0x00000016   Code   RO          374    i.gui_draw_hline    lcd.o
    0x08004206   0x08004206   0x000000b6   Code   RO          375    i.gui_fill_circle   lcd.o
    0x080042bc   0x080042bc   0x00000570   Code   RO          627    i.lcd_adjust        touch.o
    0x0800482c   0x0800482c   0x000000b6   Code   RO          376    i.lcd_draw_bline    lcd.o
    0x080048e2   0x080048e2   0x00000002   PAD
    0x080048e4   0x080048e4   0x000002b4   Code   RO          971    i.main              main.o
    0x08004b98   0x08004b98   0x00000008   Code   RO          247    i.my_max            rec.o
    0x08004ba0   0x08004ba0   0x00000084   Code   RO          733    i.network_configure_weights  network.o
    0x08004c24   0x08004c24   0x00000040   Code   RO         2873    i.nl_func_relu_array_f32  NetworkRuntime500_CM4_Keil.lib(layers_nl_generic_float.o)
    0x08004c64   0x08004c64   0x000000c0   Code   RO         2874    i.nl_func_relu_generic_array_f32  NetworkRuntime500_CM4_Keil.lib(layers_nl_generic_float.o)
    0x08004d24   0x08004d24   0x00000044   Code   RO         2875    i.nl_func_relu_thresholded_array_f32  NetworkRuntime500_CM4_Keil.lib(layers_nl_generic_float.o)
    0x08004d68   0x08004d68   0x0000004c   Code   RO         2883    i.nl_func_sm_array_f32  NetworkRuntime500_CM4_Keil.lib(layers_nl_generic_float.o)
    0x08004db4   0x08004db4   0x00000090   Code   RO         2884    i.nl_func_sm_channel_f32  NetworkRuntime500_CM4_Keil.lib(layers_nl_generic_float.o)
    0x08004e44   0x08004e44   0x000001ac   Code   RO         2969    i.pool_func_mp_array_f32  NetworkRuntime500_CM4_Keil.lib(layers_pool_generic_float.o)
    0x08004ff0   0x08004ff0   0x00000034   Code   RO          628    i.touch_init        touch.o
    0x08005024   0x08005024   0x000000b4   Code   RO          629    i.touch_scan        touch.o
    0x080050d8   0x080050d8   0x000017c0   Data   RO          380    .constdata          lcd.o
    0x08006898   0x08006898   0x00000004   Data   RO          631    .constdata          touch.o
    0x0800689c   0x0800689c   0x00000008   Data   RO          740    .constdata          network.o
    0x080068a4   0x080068a4   0x00000008   Data   RO          741    .constdata          network.o
    0x080068ac   0x080068ac   0x00000008   Data   RO          742    .constdata          network.o
    0x080068b4   0x080068b4   0x00000008   Data   RO          743    .constdata          network.o
    0x080068bc   0x080068bc   0x00000008   Data   RO          744    .constdata          network.o
    0x080068c4   0x080068c4   0x000436d8   Data   RO          949    .constdata          network_data.o
    0x08049f9c   0x08049f9c   0x00000030   Data   RO         1042    .constdata          app_x-cube-ai.o
    0x08049fcc   0x08049fcc   0x00000010   Data   RO         2701    .constdata          system_stm32f4xx.o
    0x08049fdc   0x08049fdc   0x00000020   Data   RO         2753    .constdata          NetworkRuntime500_CM4_Keil.lib(ai_platform_interface.o)
    0x08049ffc   0x08049ffc   0x00000030   Data   RO         3187    .constdata          m_wm.l(expf.o)
    0x0804a02c   0x0804a02c   0x00000079   Data   RO          632    .conststring        touch.o
    0x0804a0a5   0x0804a0a5   0x00000003   PAD
    0x0804a0a8   0x0804a0a8   0x00000020   Data   RO         3422    Region$$Table       anon$$obj.o


    Execution Region RW_IRAM2 (Exec base: 0x10000000, Load base: 0x0804a340, Size: 0x00000000, Max: 0x00010000, ABSOLUTE)

    **** No section assigned to this execution region ****


    Execution Region RW_IRAM1 (Exec base: 0x20000000, Load base: 0x0804a0c8, Size: 0x00009770, Max: 0x00020000, ABSOLUTE, COMPRESSED[0x00000278])

    Exec Addr    Load Addr    Size         Type   Attr      Idx    E Section Name        Object

    0x20000000   COMPRESSED   0x00000004   Data   RW          381    .data               lcd.o
    0x20000004   COMPRESSED   0x00000002   Data   RW          633    .data               touch.o
    0x20000006   COMPRESSED   0x00000002   PAD
    0x20000008   COMPRESSED   0x00000010   Data   RW          747    .data               network.o
    0x20000018   COMPRESSED   0x00000010   Data   RW          748    .data               network.o
    0x20000028   COMPRESSED   0x00000010   Data   RW          749    .data               network.o
    0x20000038   COMPRESSED   0x00000010   Data   RW          750    .data               network.o
    0x20000048   COMPRESSED   0x00000010   Data   RW          751    .data               network.o
    0x20000058   COMPRESSED   0x00000010   Data   RW          752    .data               network.o
    0x20000068   COMPRESSED   0x00000010   Data   RW          753    .data               network.o
    0x20000078   COMPRESSED   0x00000010   Data   RW          754    .data               network.o
    0x20000088   COMPRESSED   0x00000010   Data   RW          755    .data               network.o
    0x20000098   COMPRESSED   0x00000010   Data   RW          756    .data               network.o
    0x200000a8   COMPRESSED   0x00000010   Data   RW          757    .data               network.o
    0x200000b8   COMPRESSED   0x00000010   Data   RW          758    .data               network.o
    0x200000c8   COMPRESSED   0x00000010   Data   RW          759    .data               network.o
    0x200000d8   COMPRESSED   0x00000010   Data   RW          760    .data               network.o
    0x200000e8   COMPRESSED   0x00000010   Data   RW          761    .data               network.o
    0x200000f8   COMPRESSED   0x00000010   Data   RW          762    .data               network.o
    0x20000108   COMPRESSED   0x00000010   Data   RW          763    .data               network.o
    0x20000118   COMPRESSED   0x00000010   Data   RW          764    .data               network.o
    0x20000128   COMPRESSED   0x00000010   Data   RW          765    .data               network.o
    0x20000138   COMPRESSED   0x00000010   Data   RW          766    .data               network.o
    0x20000148   COMPRESSED   0x00000010   Data   RW          767    .data               network.o
    0x20000158   COMPRESSED   0x00000010   Data   RW          768    .data               network.o
    0x20000168   COMPRESSED   0x00000010   Data   RW          769    .data               network.o
    0x20000178   COMPRESSED   0x00000010   Data   RW          770    .data               network.o
    0x20000188   COMPRESSED   0x00000010   Data   RW          771    .data               network.o
    0x20000198   COMPRESSED   0x00000010   Data   RW          772    .data               network.o
    0x200001a8   COMPRESSED   0x00000010   Data   RW          773    .data               network.o
    0x200001b8   COMPRESSED   0x00000010   Data   RW          774    .data               network.o
    0x200001c8   COMPRESSED   0x00000004   Data   RW          775    .data               network.o
    0x200001cc   COMPRESSED   0x00000004   Data   RW          776    .data               network.o
    0x200001d0   COMPRESSED   0x0000000c   Data   RW          777    .data               network.o
    0x200001dc   COMPRESSED   0x00000004   Data   RW          778    .data               network.o
    0x200001e0   COMPRESSED   0x00000030   Data   RW          779    .data               network.o
    0x20000210   COMPRESSED   0x00000004   Data   RW          780    .data               network.o
    0x20000214   COMPRESSED   0x00000004   Data   RW          781    .data               network.o
    0x20000218   COMPRESSED   0x00000008   Data   RW          782    .data               network.o
    0x20000220   COMPRESSED   0x00000004   Data   RW          783    .data               network.o
    0x20000224   COMPRESSED   0x00000030   Data   RW          784    .data               network.o
    0x20000254   COMPRESSED   0x00000004   Data   RW          785    .data               network.o
    0x20000258   COMPRESSED   0x00000004   Data   RW          786    .data               network.o
    0x2000025c   COMPRESSED   0x00000004   Data   RW          787    .data               network.o
    0x20000260   COMPRESSED   0x00000004   Data   RW          788    .data               network.o
    0x20000264   COMPRESSED   0x00000030   Data   RW          789    .data               network.o
    0x20000294   COMPRESSED   0x00000004   Data   RW          790    .data               network.o
    0x20000298   COMPRESSED   0x00000004   Data   RW          791    .data               network.o
    0x2000029c   COMPRESSED   0x00000008   Data   RW          792    .data               network.o
    0x200002a4   COMPRESSED   0x00000004   Data   RW          793    .data               network.o
    0x200002a8   COMPRESSED   0x00000030   Data   RW          794    .data               network.o
    0x200002d8   COMPRESSED   0x00000004   Data   RW          795    .data               network.o
    0x200002dc   COMPRESSED   0x00000004   Data   RW          796    .data               network.o
    0x200002e0   COMPRESSED   0x00000004   Data   RW          797    .data               network.o
    0x200002e4   COMPRESSED   0x00000004   Data   RW          798    .data               network.o
    0x200002e8   COMPRESSED   0x00000030   Data   RW          799    .data               network.o
    0x20000318   COMPRESSED   0x00000004   Data   RW          800    .data               network.o
    0x2000031c   COMPRESSED   0x00000008   Data   RW          801    .data               network.o
    0x20000324   COMPRESSED   0x0000000c   Data   RW          802    .data               network.o
    0x20000330   COMPRESSED   0x00000004   Data   RW          803    .data               network.o
    0x20000334   COMPRESSED   0x00000008   Data   RW          804    .data               network.o
    0x2000033c   COMPRESSED   0x0000000c   Data   RW          805    .data               network.o
    0x20000348   COMPRESSED   0x00000018   Data   RW          806    .data               network.o
    0x20000360   COMPRESSED   0x00000128   Data   RW          807    .data               network.o
    0x20000488   COMPRESSED   0x0000001c   Data   RW          808    .data               network.o
    0x200004a4   COMPRESSED   0x0000001c   Data   RW          809    .data               network.o
    0x200004c0   COMPRESSED   0x0000001c   Data   RW          810    .data               network.o
    0x200004dc   COMPRESSED   0x0000001c   Data   RW          811    .data               network.o
    0x200004f8   COMPRESSED   0x0000001c   Data   RW          812    .data               network.o
    0x20000514   COMPRESSED   0x0000001c   Data   RW          813    .data               network.o
    0x20000530   COMPRESSED   0x0000001c   Data   RW          814    .data               network.o
    0x2000054c   COMPRESSED   0x0000001c   Data   RW          815    .data               network.o
    0x20000568   COMPRESSED   0x0000001c   Data   RW          816    .data               network.o
    0x20000584   COMPRESSED   0x0000001c   Data   RW          817    .data               network.o
    0x200005a0   COMPRESSED   0x0000001c   Data   RW          818    .data               network.o
    0x200005bc   COMPRESSED   0x0000001c   Data   RW          819    .data               network.o
    0x200005d8   COMPRESSED   0x0000001c   Data   RW          820    .data               network.o
    0x200005f4   COMPRESSED   0x0000001c   Data   RW          821    .data               network.o
    0x20000610   COMPRESSED   0x00000058   Data   RW          822    .data               network.o
    0x20000668   COMPRESSED   0x00000018   Data   RW          823    .data               network.o
    0x20000680   COMPRESSED   0x0000001c   Data   RW          824    .data               network.o
    0x2000069c   COMPRESSED   0x00000018   Data   RW          825    .data               network.o
    0x200006b4   COMPRESSED   0x0000001c   Data   RW          826    .data               network.o
    0x200006d0   COMPRESSED   0x00000008   Data   RW          973    .data               main.o
    0x200006d8   COMPRESSED   0x00000034   Data   RW         1043    .data               app_x-cube-ai.o
    0x2000070c   COMPRESSED   0x00000008   Data   RW         1176    .data               stm32f4xx_hal_msp.o
    0x20000714   COMPRESSED   0x0000000c   Data   RW         2186    .data               stm32f4xx_hal.o
    0x20000720   COMPRESSED   0x00000004   Data   RW         2703    .data               system_stm32f4xx.o
    0x20000724   COMPRESSED   0x00000004   Data   RW         3403    .data               mc_w.l(errno.o)
    0x20000728        -       0x0000000e   Zero   RW          379    .bss                lcd.o
    0x20000736   COMPRESSED   0x00000002   PAD
    0x20000738        -       0x00000028   Zero   RW          630    .bss                touch.o
    0x20000760        -       0x00000010   Zero   RW          734    .bss                network.o
    0x20000770        -       0x00000010   Zero   RW          735    .bss                network.o
    0x20000780        -       0x00000018   Zero   RW          736    .bss                network.o
    0x20000798        -       0x00000010   Zero   RW          737    .bss                network.o
    0x200007a8        -       0x00000018   Zero   RW          738    .bss                network.o
    0x200007c0        -       0x00000010   Zero   RW          739    .bss                network.o
    0x200007d0        -       0x00000cb8   Zero   RW          972    .bss                main.o
    0x20001488        -       0x00007ae8   Zero   RW         1041    .bss                app_x-cube-ai.o
    0x20008f70        -       0x00000800   Zero   RW            1    STACK               startup_stm32f407xx.o


==============================================================================

Image component sizes


      Code (inc. data)   RO Data    RW Data    ZI Data      Debug   Object Name

       216          0          0          0          0       3697   24cxx.o
       172         22         48         52      31464      12096   app_x-cube-ai.o
        76          6          0          0          0     662171   delay.o
      3702        132       6080          4         14      23842   lcd.o
      1096        164          0          8       3256       5446   main.o
       564         68          0          0          0       4634   myiic.o
       260         24         40       1736        112      42999   network.o
         8          4     276184          0          0        882   network_data.o
       132          0          0          0          0      10277   rec.o
        36          8        392          0       2048        868   startup_stm32f407xx.o
       180         28          0         12          0       9669   stm32f4xx_hal.o
       172         14          0          0          0      33426   stm32f4xx_hal_cortex.o
        34          0          0          0          0       1115   stm32f4xx_hal_crc.o
       450         46          0          0          0       2500   stm32f4xx_hal_gpio.o
       204         32          0          8          0       2975   stm32f4xx_hal_msp.o
      1268         52          0          0          0       4170   stm32f4xx_hal_rcc.o
        86          0          0          0          0       1280   stm32f4xx_hal_sram.o
        20          0          0          0          0       4394   stm32f4xx_it.o
       216         12          0          0          0       2839   stm32f4xx_ll_fsmc.o
        28          6         16          4          0       1227   system_stm32f4xx.o
       156          0          0          0          0       2143   text.o
      2830        208        125          2         40      10656   touch.o

    ----------------------------------------------------------------------
     11924        826     282920       1828      36936     843306   Object Totals
         0          0         32          0          0          0   (incl. Generated)
        18          0          3          2          2          0   (incl. Padding)

    ----------------------------------------------------------------------

      Code (inc. data)   RO Data    RW Data    ZI Data      Debug   Library Member Name

       294         34          0          0          0        244   ai_datatypes_format.o
      1280         42         32          0          0       1532   ai_platform_interface.o
        42          0          0          0          0        348   core_common.o
        86          6          0          0          0        372   layers.o
      3488         38          0          0          0       1876   layers_conv2d_generic_float.o
       832         24          0          0          0       1048   layers_nl_generic_float.o
       428          4          0          0          0        148   layers_pool_generic_float.o
       488         62         48          0          0        236   expf.o
        38          0          0          0          0        116   fpclassifyf.o
        38         12          0          0          0        348   funder.o
       122          0          0          0          0        148   sqrt.o
        86          0          0          0          0          0   __dczerorl2.o
         0          0          0          0          0          0   entry.o
         0          0          0          0          0          0   entry10a.o
         0          0          0          0          0          0   entry11a.o
         8          4          0          0          0          0   entry2.o
         4          0          0          0          0          0   entry5.o
         0          0          0          0          0          0   entry7b.o
         0          0          0          0          0          0   entry8b.o
         8          4          0          0          0          0   entry9a.o
        12          6          0          4          0         68   errno.o
        30          0          0          0          0          0   handlers.o
        36          8          0          0          0         68   init.o
         0          0          0          0          0          0   iusefp.o
        30          0          0          0          0         68   llshl.o
        32          0          0          0          0         68   llushr.o
        26          0          0          0          0         80   memcmp.o
        36          0          0          0          0         68   memcpya.o
        36          0          0          0          0        108   memseta.o
        98          0          0          0          0         92   uldiv.o
        48          0          0          0          0         68   cdcmple.o
        48          0          0          0          0         68   cdrcmple.o
       186          0          0          0          0        176   depilogue.o
        50          0          0          0          0         76   dfixui.o
        26          0          0          0          0         76   dfltui.o
       228          0          0          0          0         96   dmul.o
       162          0          0          0          0        100   dsqrt.o
        38          0          0          0          0         68   f2d.o

    ----------------------------------------------------------------------
      8380        244         80          4          0       7764   Library Totals
        16          0          0          0          0          0   (incl. Padding)

    ----------------------------------------------------------------------

      Code (inc. data)   RO Data    RW Data    ZI Data      Debug   Library Name

      6450        148         32          0          0       5568   NetworkRuntime500_CM4_Keil.lib
       686         74         48          0          0        848   m_wm.l
       442         22          0          4          0        620   mc_w.l
       786          0          0          0          0        728   mf_w.l

    ----------------------------------------------------------------------
      8380        244         80          4          0       7764   Library Totals

    ----------------------------------------------------------------------

==============================================================================


      Code (inc. data)   RO Data    RW Data    ZI Data      Debug   

     20304       1070     283000       1832      36936     837430   Grand Totals
     20304       1070     283000        632      36936     837430   ELF Image Totals (compressed)
     20304       1070     283000        632          0          0   ROM Totals

==============================================================================

    Total RO  Size (Code + RO Data)               303304 ( 296.20kB)
    Total RW  Size (RW Data + ZI Data)             38768 (  37.86kB)
    Total ROM Size (Code + RO Data + RW Data)     303936 ( 296.81kB)

==============================================================================

